checksum.h:35:20:crc_accumulate	24	static
checksum.h:52:20:crc_init	16	static
checksum.h:65:24:crc_calculate	24	static
checksum.h:85:20:crc_accumulate_buffer	32	static
mavlink_sha256.h:91:21:mavlink_sha256_init	16	static
mavlink_sha256.h:105:20:mavlink_sha256_calc	320	static
mavlink_sha256.h:152:21:mavlink_sha256_update	120	static
mavlink_sha256.h:192:21:mavlink_sha256_final_48	104	static
mavlink_helpers.h:23:34:mavlink_get_channel_status	16	static
mavlink_helpers.h:72:24:mavlink_sign_packet	144	static
mavlink_helpers.h:109:24:_mav_trim_payload	16	static
mavlink_helpers.h:212:25:mavlink_finalize_message_buffer	80	static
mavlink_helpers.h:275:25:mavlink_finalize_message_chan	40	static
mavlink_helpers.h:285:25:mavlink_finalize_message	32	static
mavlink_helpers.h:428:25:mavlink_msg_to_send_buffer	32	static
protocol.h:171:20:mav_array_memcpy	24	static
mavlink_msg_esc_telemetry_1_to_4.h:72:24:mavlink_msg_esc_telemetry_1_to_4_pack	80	static
mavlink_msg_esc_telemetry_1_to_4.h:153:24:mavlink_msg_esc_telemetry_1_to_4_encode	64	static
mavlink_msg_esc_telemetry_5_to_8.h:72:24:mavlink_msg_esc_telemetry_5_to_8_pack	80	static
mavlink_msg_esc_telemetry_5_to_8.h:153:24:mavlink_msg_esc_telemetry_5_to_8_encode	64	static
main.c:128:9:getdata	24	static
main.c:138:6:transmit_mavlink_esc_1_to_4	408	static
main.c:154:6:transmit_mavlink_esc_5_to_8	408	static
main.c:176:5:main	80	static
main.c:313:6:SystemClock_Config	88	static
main.c:358:13:MX_TIM4_Init	64	static
main.c:417:13:MX_TIM10_Init	8	static
main.c:448:13:MX_UART4_Init	8	static
main.c:481:13:MX_UART5_Init	8	static
main.c:514:13:MX_USART1_UART_Init	8	static
main.c:547:13:MX_USART2_UART_Init	8	static
main.c:580:13:MX_USART3_UART_Init	8	static
main.c:613:13:MX_USART6_UART_Init	8	static
main.c:646:13:MX_GPIO_Init	56	static
main.c:735:6:HAL_UART_RxCpltCallback	48	static
main.c:816:6:Parse_ESC1	32	static
main.c:842:6:Parse_ESC2	64	static
main.c:850:6:Parse_ESC3	16	static
main.c:863:6:Parse_ESC4	16	static
main.c:866:6:Parse_ESC5	16	static
main.c:869:6:Parse_ESC6	16	static
main.c:872:6:HAL_TIM_PeriodElapsedCallback	16	static
main.c:888:6:StartDefaultTask	16	static
main.c:903:6:Error_Handler	4	static,ignoring_inline_asm
